Token(type=Identifier, lexeme=you, literal=null, line=1)
Token(type=Plus, lexeme=+, literal=null, line=1)
Token(type=Identifier, lexeme=me, literal=null, line=1)
Token(type=NotEqual, lexeme=!=, literal=null, line=1)
Token(type=Less, lexeme=<, literal=null, line=1)
Token(type=Number, lexeme=3, literal=3, line=1)
Token(type=Engk, lexeme=, literal=null, line=1)
